
Running `apk --root initramfs --allow-untrusted --repositories-file initramfs/etc/apk/repositories add neofetch bash` at 2026-06-05 20:32:08
apk-tools 3.0.6, compiled for x86_64.
ERROR: Unable to read database: No such file or directory
ERROR: Failed to open apk database: No such file or directory

Running `apk --root initramfs --allow-untrusted --repositories-file initramfs/etc/apk/repositories --initdb add neofetch bash` at 2026-06-05 20:32:41
apk-tools 3.0.6, compiled for x86_64.
WARNING: The indexes contain broken packages which are not installable.
( 1/17) Purging alpine-baselayout (3.4.3-r2)
( 2/17) Purging alpine-baselayout-data (3.4.3-r2)
( 3/17) Purging alpine-keys (2.4-r1)
( 4/17) Purging apk-tools (2.14.0-r5)
( 5/17) Purging ca-certificates-bundle (20230506-r0)
( 6/17) Purging libc-utils (0.7.2-r5)
( 7/17) Purging musl-utils (1.2.4_git20230717-r4)
( 8/17) Purging scanelf (1.3.7-r2)
( 9/17) Purging ssl_client (1.36.1-r15)
(10/17) Purging zlib (1.3.1-r0)
(11/17) Installing ncurses-terminfo-base (6.4_p20231125-r0)
(12/17) Installing libncursesw (6.4_p20231125-r0)
(13/17) Installing readline (8.2.1-r2)
(14/17) Installing bash (5.2.21-r0)
  Executing bash-5.2.21-r0.post-install
  * execve: No such file or directory
ERROR: lib/apk/exec/bash-5.2.21-r0.post-install: exited with error 127
(15/17) Installing neofetch (7.1.0-r1)
(16/17) Purging libssl3 (3.1.4-r5)
(17/17) Purging libcrypto3 (3.1.4-r5)
Executing busybox-1.36.1-r15.trigger
* execve: No such file or directory
ERROR: lib/apk/exec/busybox-1.36.1-r15.trigger: exited with error 127
2 errors; 4148 KiB in 8 packages

Running `apk --root initramfs --allow-untrusted --repositories-file initramfs/etc/apk/repositories add bash` at 2026-06-05 20:38:36
apk-tools 3.0.6, compiled for x86_64.
WARNING: The indexes contain broken packages which are not installable.
2 errors; 4148 KiB in 8 packages

Running `apk --root initramfs --allow-untrusted --repositories-file initramfs/etc/apk/repositories fix bash` at 2026-06-05 20:42:36
apk-tools 3.0.6, compiled for x86_64.
WARNING: The indexes contain broken packages which are not installable.
(1/1) Reinstalling bash (5.2.21-r0)
  Executing bash-5.2.21-r0.post-upgrade
  * execve: No such file or directory
ERROR: lib/apk/exec/bash-5.2.21-r0.post-upgrade: exited with error 127
Executing busybox-1.36.1-r15.trigger
* execve: No such file or directory
ERROR: lib/apk/exec/busybox-1.36.1-r15.trigger: exited with error 127
3 errors; 4148 KiB in 8 packages

Running `apk add xorg-server` at 2026-06-06 14:37:05
apk-tools 3.0.6-r0, compiled for x86_64.
WARNING: updating and opening http://dl-cdn.alpinelinux.org/alpine/v3.19/main/x86_64/APKINDEX.tar.gz: UNTRUSTED signature
WARNING: updating and opening http://dl-cdn.alpinelinux.org/alpine/v3.19/community/x86_64/APKINDEX.tar.gz: UNTRUSTED signature
ERROR: unable to select packages:
  xorg-server (no such package):
    required by: world[xorg-server]

Running `apk add --allow-untrusted xorg-server xinit xf86-video-vesa` at 2026-06-06 14:38:22
apk-tools 3.0.6-r0, compiled for x86_64.
WARNING: The indexes contain broken packages which are not installable.
( 1/60) Installing xf86-video-vesa (2.6.0-r3)
( 2/60) Installing libxau (1.0.11-r3)
( 3/60) Installing libmd (1.1.0-r0)
( 4/60) Installing libbsd (0.11.7-r3)
( 5/60) Installing libxdmcp (1.1.4-r3)
( 6/60) Installing libxcb (1.16-r0)
( 7/60) Installing libx11 (1.8.7-r0)
( 8/60) Installing libxext (1.3.5-r3)
( 9/60) Installing libice (1.1.1-r5)
(10/60) Installing libuuid (2.39.3-r0)
(11/60) Installing libsm (1.2.4-r3)
(12/60) Installing libxt (1.3.0-r4)
(13/60) Installing libxmu (1.1.4-r2)
(14/60) Installing xauth (1.1.2-r1)
(15/60) Installing mcookie (2.39.3-r0)
(16/60) Installing xmodmap (1.0.11-r1)
(17/60) Installing xrdb (1.2.2-r0)
(18/60) Installing xinit (1.4.2-r1)
(19/60) Installing encodings (1.0.7-r1)
(20/60) Installing font-alias (1.0.5-r0)
(21/60) Installing zlib (1.3.1-r0)
(22/60) Installing libfontenc (1.1.7-r4)
(23/60) Installing brotli-libs (1.1.0-r1)
(24/60) Installing libbz2 (1.0.8-r6)
(25/60) Installing libpng (1.6.44-r0)
(26/60) Installing freetype (2.13.2-r0)
(27/60) Installing mkfontscale (1.2.2-r4)
(28/60) Installing libexpat (2.7.3-r0)
(29/60) Installing fontconfig (2.14.2-r4)
(30/60) Installing pkgconf (2.1.0-r0)
(31/60) Installing util-macros (1.20.0-r0)
(32/60) Installing font-cursor-misc (1.0.4-r1)
(33/60) Installing font-misc-misc (1.1.3-r1)
(34/60) Installing mesa (23.3.6-r0)
(35/60) Installing hwdata-pci (0.377.2-r0)
(36/60) Installing libpciaccess (0.17-r2)
(37/60) Installing libdrm (2.4.118-r0)
(38/60) Installing libffi (3.4.4-r3)
(39/60) Installing wayland-libs-server (1.22.0-r4)
(40/60) Installing mesa-gbm (23.3.6-r0)
(41/60) Installing libgcc (13.2.1_git20231014-r0)
(42/60) Installing mesa-glapi (23.3.6-r0)
(43/60) Installing wayland-libs-client (1.22.0-r4)
(44/60) Installing libxshmfence (1.3.2-r5)
(45/60) Installing mesa-egl (23.3.6-r0)
(46/60) Installing libxkbfile (1.1.3-r0)
(47/60) Installing xkbcomp (1.5.0-r0)
(48/60) Installing xkeyboard-config (2.40-r0)
(49/60) Installing xorg-server-common (21.1.12-r0)
(50/60) Installing libxfixes (6.0.1-r3)
(51/60) Installing libxxf86vm (1.1.5-r5)
(52/60) Installing mesa-gl (23.3.6-r0)
(53/60) Installing libxfont2 (2.0.6-r3)
(54/60) Installing libepoxy (1.5.10-r1)
(55/60) Installing gmp (6.3.0-r0)
(56/60) Installing nettle (3.9.1-r0)
(57/60) Installing pixman (0.42.2-r2)
(58/60) Installing eudev-libs (3.2.14-r1)
(59/60) Installing libxcvt (0.1.2-r0)
(60/60) Installing xorg-server (21.1.12-r0)
Executing busybox-1.36.1-r15.trigger
* execve: Exec format error
ERROR: lib/apk/exec/busybox-1.36.1-r15.trigger: exited with error 127
Executing mkfontscale-1.2.2-r4.trigger
* execve: Exec format error
ERROR: lib/apk/exec/mkfontscale-1.2.2-r4.trigger: exited with error 127
Executing fontconfig-2.14.2-r4.trigger
* execve: Exec format error
ERROR: lib/apk/exec/fontconfig-2.14.2-r4.trigger: exited with error 127
5 errors; 32.0 MiB in 68 packages

Running `apk add --allow-untrusted openbox` at 2026-06-06 14:38:54
apk-tools 3.0.6-r0, compiled for x86_64.
WARNING: The indexes contain broken packages which are not installable.
( 1/35) Installing libxrender (0.9.11-r4)
( 2/35) Installing libxcursor (1.2.1-r3)
( 3/35) Installing libxinerama (1.1.5-r3)
( 4/35) Installing libxrandr (1.5.4-r0)
( 5/35) Installing libintl (0.22.3-r0)
( 6/35) Installing libblkid (2.39.3-r0)
( 7/35) Installing libmount (2.39.3-r0)
( 8/35) Installing pcre2 (10.42-r2)
( 9/35) Installing glib (2.78.6-r0)
(10/35) Installing giflib (5.2.2-r0)
(11/35) Installing libid3tag (0.16.2-r2)
(12/35) Installing libjpeg-turbo (3.0.1-r0)
(13/35) Installing libsharpyuv (1.3.2-r0)
(14/35) Installing libwebp (1.3.2-r0)
(15/35) Installing zstd-libs (1.5.5-r8)
(16/35) Installing tiff (4.6.0-r0)
(17/35) Installing libwebpdemux (1.3.2-r0)
(18/35) Installing imlib2 (1.12.1-r0)
(19/35) Installing libxft (2.3.8-r2)
(20/35) Installing cairo (1.18.4-r0)
(21/35) Installing fribidi (1.0.13-r0)
(22/35) Installing graphite2 (1.3.14-r6)
(23/35) Installing harfbuzz (8.3.0-r0)
(24/35) Installing pango (1.51.0-r0)
(25/35) Installing cairo-gobject (1.18.4-r0)
(26/35) Installing libstdc++ (13.2.1_git20231014-r0)
(27/35) Installing xz-libs (5.4.5-r1)
(28/35) Installing libxml2 (2.11.8-r3)
(29/35) Installing shared-mime-info (2.4-r0)
(30/35) Installing gdk-pixbuf (2.42.12-r0)
(31/35) Installing librsvg (2.57.3-r0)
(32/35) Installing openbox-libs (3.6.1-r7)
(33/35) Installing xcb-util (0.4.1-r3)
(34/35) Installing startup-notification (0.12-r7)
(35/35) Installing openbox (3.6.1-r7)
Executing busybox-1.36.1-r15.trigger
* execve: Exec format error
ERROR: lib/apk/exec/busybox-1.36.1-r15.trigger: exited with error 127
Executing glib-2.78.6-r0.trigger
* execve: Exec format error
ERROR: lib/apk/exec/glib-2.78.6-r0.trigger: exited with error 127
Executing shared-mime-info-2.4-r0.trigger
* execve: Exec format error
ERROR: lib/apk/exec/shared-mime-info-2.4-r0.trigger: exited with error 127
Executing gdk-pixbuf-2.42.12-r0.trigger
* execve: Exec format error
ERROR: lib/apk/exec/gdk-pixbuf-2.42.12-r0.trigger: exited with error 127
8 errors; 55.5 MiB in 103 packages

Running `apk add --allow-untrusted xf86-video-fbdev` at 2026-06-06 14:41:30
apk-tools 3.0.6-r0, compiled for x86_64.
WARNING: The indexes contain broken packages which are not installable.
(1/1) Installing xf86-video-fbdev (0.5.0-r5)
7 errors; 55.6 MiB in 104 packages

Running `apk add --allow-untrusted openbox xterm` at 2026-06-06 14:51:42
apk-tools 3.0.6-r0, compiled for x86_64.
WARNING: The indexes contain broken packages which are not installable.
(1/3) Installing libxpm (3.5.17-r0)
(2/3) Installing libxaw (1.0.15-r3)
(3/3) Installing xterm (388-r0)
Executing busybox-1.36.1-r15.trigger
* execve: Exec format error
ERROR: lib/apk/exec/busybox-1.36.1-r15.trigger: exited with error 127
8 errors; 56.8 MiB in 107 packages

Running `apk update` at 2026-06-06 23:26:37
apk-tools 3.0.6-r0, compiled for x86_64.
WARNING: updating and opening http://dl-cdn.alpinelinux.org/alpine/v3.19/main/x86_64/APKINDEX.tar.gz: UNTRUSTED signature
WARNING: updating and opening http://dl-cdn.alpinelinux.org/alpine/v3.19/community/x86_64/APKINDEX.tar.gz: UNTRUSTED signature
2 unavailable, 0 stale; 107 distinct packages available

Running `apk add alpine-keys --allow-untrusted` at 2026-06-06 23:27:23
apk-tools 3.0.6-r0, compiled for x86_64.
WARNING: The indexes contain broken packages which are not installable.
(1/1) Installing alpine-keys (2.4-r1)
7 errors; 57.0 MiB in 108 packages

Running `apk update` at 2026-06-06 23:27:31
apk-tools 3.0.6-r0, compiled for x86_64.
WARNING: The indexes contain broken packages which are not installable.
v3.19.9-161-g98593d2addc [http://dl-cdn.alpinelinux.org/alpine/v3.19/main]
v3.19.9-161-g98593d2addc [http://dl-cdn.alpinelinux.org/alpine/v3.19/community]
OK: 23038 distinct packages available

Running `apk add xorg-server xf86-video-fbdev xf86-input-evdev xinit openbox` at 2026-06-06 23:29:40
apk-tools 3.0.6-r0, compiled for x86_64.
WARNING: The indexes contain broken packages which are not installable.
(1/3) Installing libevdev (1.13.1-r0)
(2/3) Installing mtdev (1.1.6-r3)
(3/3) Installing xf86-input-evdev (2.10.6-r2)
7 errors; 57.2 MiB in 111 packages

Running `apk add kbd` at 2026-06-06 23:33:37
apk-tools 3.0.6-r0, compiled for x86_64.
WARNING: The indexes contain broken packages which are not installable.
(1/2) Installing kbd-misc (2.6.3-r0)
(2/2) Installing kbd (2.6.3-r0)
Executing busybox-1.36.1-r15.trigger
* execve: Exec format error
ERROR: lib/apk/exec/busybox-1.36.1-r15.trigger: exited with error 127
8 errors; 62.5 MiB in 113 packages

Running `apk add kbd-bkeymaps` at 2026-06-06 23:34:45
apk-tools 3.0.6-r0, compiled for x86_64.
WARNING: The indexes contain broken packages which are not installable.
(1/1) Installing kbd-bkeymaps (2.6.3-r0)
7 errors; 65.1 MiB in 114 packages

Running `apk add nano` at 2026-06-06 23:41:31
apk-tools 3.0.6-r0, compiled for x86_64.
WARNING: The indexes contain broken packages which are not installable.
(1/1) Installing nano (7.2-r1)
Executing busybox-1.36.1-r15.trigger
* execve: Exec format error
ERROR: lib/apk/exec/busybox-1.36.1-r15.trigger: exited with error 127
8 errors; 65.4 MiB in 115 packages

Running `apk add s6 s6-linux-init` at 2026-06-06 23:46:24
apk-tools 3.0.6-r0, compiled for x86_64.
WARNING: The indexes contain broken packages which are not installable.
(1/5) Installing skalibs (2.14.0.1-r0)
(2/5) Installing s6-ipcserver (2.12.0.2-r0)
(3/5) Installing execline (2.9.4.0-r0)
(4/5) Installing s6 (2.12.0.2-r0)
  Executing s6-2.12.0.2-r0.pre-install
  * execve: Exec format error
ERROR: lib/apk/exec/s6-2.12.0.2-r0.pre-install: exited with error 127
(5/5) Installing s6-linux-init (1.1.2.0-r0)
Executing busybox-1.36.1-r15.trigger
* execve: Exec format error
ERROR: lib/apk/exec/busybox-1.36.1-r15.trigger: exited with error 127
9 errors; 67.2 MiB in 120 packages

Running `apk add s6 s6-linux-init` at 2026-06-07 00:17:23
apk-tools 3.0.6-r0, compiled for x86_64.
WARNING: The indexes contain broken packages which are not installable.
8 errors; 67.2 MiB in 120 packages

Running `apk add s6` at 2026-06-07 12:13:57
apk-tools 3.0.6-r0, compiled for x86_64.
WARNING: The indexes contain broken packages which are not installable.
8 errors; 67.2 MiB in 120 packages

Running `apk add s6-linux-init` at 2026-06-07 12:14:12
apk-tools 3.0.6-r0, compiled for x86_64.
WARNING: The indexes contain broken packages which are not installable.
8 errors; 67.2 MiB in 120 packages

Running `apk add s6` at 2026-06-07 13:56:05
apk-tools 3.0.6-r0, compiled for x86_64.
WARNING: The indexes contain broken packages which are not installable.
8 errors; 67.2 MiB in 120 packages
