[     7.535] 
X.Org X Server 1.21.1.12
X Protocol Version 11, Revision 0
[     7.543] Current Operating System: Linux amberos 6.6.60-Amberos-Version-1.4 #13 SMP Sat Jun  6 16:45:23 CEST 2026 x86_64
[     7.544] Kernel command line: console=tty0 console=ttyS0 root=/dev/sda rw vga=788
[     7.547]  
[     7.550] Current version of pixman: 0.42.2
[     7.553] 	Before reporting problems, check http://wiki.x.org
	to make sure that you have the latest version.
[     7.553] Markers: (--) probed, (**) from config file, (==) default setting,
	(++) from command line, (!!) notice, (II) informational,
	(WW) warning, (EE) error, (NI) not implemented, (??) unknown.
[     7.562] (==) Log file: "/var/log/Xorg.2.log", Time: Sat Jun  6 15:20:36 2026
[     7.569] (==) Using system config directory "/usr/share/X11/xorg.conf.d"
[     7.573] (==) No Layout section.  Using the first Screen section.
[     7.573] (==) No screen section available. Using defaults.
[     7.574] (**) |-->Screen "Default Screen Section" (0)
[     7.574] (**) |   |-->Monitor "<default monitor>"
[     7.581] (==) No monitor specified for screen "Default Screen Section".
	Using a default monitor configuration.
[     7.581] (**) Allowing byte-swapped clients
[     7.582] (==) Automatically adding devices
[     7.582] (==) Automatically enabling devices
[     7.582] (==) Automatically adding GPU devices
[     7.582] (==) Automatically binding GPU devices
[     7.583] (==) Max clients allowed: 256, resource mask: 0x1fffff
[     7.585] (WW) `fonts.dir' not found (or not valid) in "/usr/share/fonts/misc".
[     7.585] 	Entry deleted from font path.
[     7.585] 	(Run 'mkfontdir' on "/usr/share/fonts/misc").
[     7.586] (WW) `fonts.dir' not found (or not valid) in "/usr/share/fonts/100dpi".
[     7.586] 	Entry deleted from font path.
[     7.586] 	(Run 'mkfontdir' on "/usr/share/fonts/100dpi").
[     7.586] (WW) `fonts.dir' not found (or not valid) in "/usr/share/fonts/75dpi".
[     7.587] 	Entry deleted from font path.
[     7.587] 	(Run 'mkfontdir' on "/usr/share/fonts/75dpi").
[     7.587] (WW) The directory "/usr/share/fonts/TTF" does not exist.
[     7.587] 	Entry deleted from font path.
[     7.587] (WW) The directory "/usr/share/fonts/Type1" does not exist.
[     7.587] 	Entry deleted from font path.
[     7.587] (==) FontPath set to:
	
[     7.587] (==) ModulePath set to "/usr/lib/xorg/modules"
[     7.587] (II) The server relies on udev to provide the list of input devices.
	If no devices become available, reconfigure udev or disable AutoAddDevices.
[     7.588] (II) Module ABI versions:
[     7.588] 	X.Org ANSI C Emulation: 0.4
[     7.588] 	X.Org Video Driver: 25.2
[     7.588] 	X.Org XInput driver : 24.4
[     7.588] 	X.Org Server Extension : 10.0
[     7.606] (--) PCI:*(0@0:2:0) 1234:1111:1af4:1100 rev 2, Mem @ 0xfd000000/16777216, 0xfebf0000/4096, BIOS @ 0x????????/131072
[     7.608] (WW) Open ACPI failed (/var/run/acpid.socket) (No such file or directory)
[     7.609] (II) LoadModule: "glx"
[     7.622] (II) Loading /usr/lib/xorg/modules/extensions/libglx.so
[     7.664] (II) Module glx: vendor="X.Org Foundation"
[     7.664] 	compiled for 1.21.1.12, module version = 1.0.0
[     7.664] 	ABI class: X.Org Server Extension, version 10.0
[     7.666] (==) Matched modesetting as autoconfigured driver 0
[     7.666] (==) Matched fbdev as autoconfigured driver 1
[     7.666] (==) Matched vesa as autoconfigured driver 2
[     7.666] (==) Assigned the driver to the xf86ConfigLayout
[     7.667] (II) LoadModule: "modesetting"
[     7.669] (II) Loading /usr/lib/xorg/modules/drivers/modesetting_drv.so
[     7.678] (II) Module modesetting: vendor="X.Org Foundation"
[     7.679] 	compiled for 1.21.1.12, module version = 1.21.1
[     7.679] 	Module class: X.Org Video Driver
[     7.679] 	ABI class: X.Org Video Driver, version 25.2
[     7.679] (II) LoadModule: "fbdev"
[     7.682] (II) Loading /usr/lib/xorg/modules/drivers/fbdev_drv.so
[     7.684] (II) Module fbdev: vendor="X.Org Foundation"
[     7.685] 	compiled for 1.21.1.9, module version = 0.5.0
[     7.685] 	Module class: X.Org Video Driver
[     7.685] 	ABI class: X.Org Video Driver, version 25.2
[     7.685] (II) LoadModule: "vesa"
[     7.686] (II) Loading /usr/lib/xorg/modules/drivers/vesa_drv.so
[     7.688] (II) Module vesa: vendor="X.Org Foundation"
[     7.688] 	compiled for 1.21.1.9, module version = 2.6.0
[     7.688] 	Module class: X.Org Video Driver
[     7.688] 	ABI class: X.Org Video Driver, version 25.2
[     7.689] (II) modesetting: Driver for Modesetting Kernel Drivers: kms
[     7.689] (II) FBDEV: driver for framebuffer: fbdev
[     7.689] (II) VESA: driver for VESA chipsets: vesa
[     7.689] (++) using VT number 1

[     7.693] xf86EnableIO: failed to enable I/O ports 0000-03ff (Function not implemented)
[     7.695] (EE) open /dev/dri/card0: No such file or directory
[     7.695] (WW) Falling back to old probe method for modesetting
[     7.695] (EE) open /dev/dri/card0: No such file or directory
[     7.696] (II) Loading sub module "fbdevhw"
[     7.696] (II) LoadModule: "fbdevhw"
[     7.697] (II) Loading /usr/lib/xorg/modules/libfbdevhw.so
[     7.699] (II) Module fbdevhw: vendor="X.Org Foundation"
[     7.700] 	compiled for 1.21.1.12, module version = 0.0.2
[     7.700] 	ABI class: X.Org Video Driver, version 25.2
[     7.702] (EE) Unable to find a valid framebuffer device
[     7.702] (WW) Falling back to old probe method for fbdev
[     7.702] (II) Loading sub module "fbdevhw"
[     7.702] (II) LoadModule: "fbdevhw"
[     7.703] (II) Loading /usr/lib/xorg/modules/libfbdevhw.so
[     7.704] (II) Module fbdevhw: vendor="X.Org Foundation"
[     7.704] 	compiled for 1.21.1.12, module version = 0.0.2
[     7.704] 	ABI class: X.Org Video Driver, version 25.2
[     7.706] (II) FBDEV(2): using default device
[     7.707] vesa: Refusing to run, Framebuffer or dri device present
[     7.709] (EE) Screen 0 deleted because of no matching config section.
[     7.709] (II) UnloadModule: "modesetting"
[     7.710] (EE) Screen 0 deleted because of no matching config section.
[     7.710] (II) UnloadModule: "fbdev"
[     7.710] (II) UnloadSubModule: "fbdevhw"
[     7.713] (II) FBDEV(0): Creating default Display subsection in Screen section
	"Default Screen Section" for depth/fbbpp 16/16
[     7.713] (==) FBDEV(0): Depth 16, (==) framebuffer bpp 16
[     7.713] (==) FBDEV(0): RGB weight 565
[     7.714] (==) FBDEV(0): Default visual is TrueColor
[     7.714] (==) FBDEV(0): Using gamma correction (1.0, 1.0, 1.0)
[     7.714] (II) FBDEV(0): hardware: VESA VGA (video memory: 1875kB)
[     7.714] (DB) xf86MergeOutputClassOptions unsupported bus type 0
[     7.715] (II) FBDEV(0): checking modes against framebuffer device...
[     7.715] (II) FBDEV(0): checking modes against monitor...
[     7.715] (II) FBDEV(0): Virtual size is 800x600 (pitch 800)
[     7.715] (**) FBDEV(0):  Built-in mode "current": 48.0 MHz, 46.9 kHz, 75.1 Hz
[     7.716] (II) FBDEV(0): Modeline "current"x0.0   48.00  800 832 928 1024  600 604 608 624 -hsync -vsync -csync (46.9 kHz b)
[     7.717] (==) FBDEV(0): DPI set to (96, 96)
[     7.717] (II) Loading sub module "fb"
[     7.717] (II) LoadModule: "fb"
[     7.717] (II) Module "fb" already built-in
[     7.717] (**) FBDEV(0): using shadow framebuffer
[     7.717] (II) Loading sub module "shadow"
[     7.717] (II) LoadModule: "shadow"
[     7.718] (II) Loading /usr/lib/xorg/modules/libshadow.so
[     7.720] (II) Module shadow: vendor="X.Org Foundation"
[     7.720] 	compiled for 1.21.1.12, module version = 1.1.0
[     7.721] 	ABI class: X.Org ANSI C Emulation, version 0.4
[     7.726] (II) FBDEV(0): FBIOBLANK: Invalid argument (Screen blanking not supported by kernel - disabling)
[     7.736] (==) FBDEV(0): Backing store enabled
[     7.742] (==) FBDEV(0): DPMS enabled
[     7.745] (II) Initializing extension Generic Event Extension
[     7.748] (II) Initializing extension SHAPE
[     7.750] (II) Initializing extension MIT-SHM
[     7.753] (II) Initializing extension XInputExtension
[     7.757] (II) Initializing extension XTEST
[     7.759] (II) Initializing extension BIG-REQUESTS
[     7.761] (II) Initializing extension SYNC
[     7.764] (II) Initializing extension XKEYBOARD
[     7.766] (II) Initializing extension XC-MISC
[     7.768] (II) Initializing extension SECURITY
[     7.771] (II) Initializing extension XFIXES
[     7.773] (II) Initializing extension RENDER
[     7.775] (II) Initializing extension RANDR
[     7.779] (II) Initializing extension COMPOSITE
[     7.782] (II) Initializing extension DAMAGE
[     7.784] (II) Initializing extension MIT-SCREEN-SAVER
[     7.786] (II) Initializing extension DOUBLE-BUFFER
[     7.789] (II) Initializing extension RECORD
[     7.791] (II) Initializing extension DPMS
[     7.793] (II) Initializing extension Present
[     7.795] (II) Initializing extension DRI3
[     7.795] (II) Initializing extension X-Resource
[     7.797] (II) Initializing extension XVideo
[     7.800] (II) Initializing extension XVideo-MotionCompensation
[     7.800] (II) Initializing extension GLX
[     7.803] (II) AIGLX: Screen 0 is not DRI2 capable
[     7.805] (EE) AIGLX error: dlopen of /usr/lib/xorg/modules/dri/swrast_dri.so failed (Error loading shared library /usr/lib/xorg/modules/dri/swrast_dri.so: No such file or directory)
[     7.805] (EE) AIGLX error: unable to load driver swrast
[     7.805] (EE) GLX: could not load software renderer
[     7.805] (II) GLX: no usable GL providers found for screen 0
[     7.806] (II) Initializing extension XFree86-VidModeExtension
[     7.808] (II) Initializing extension XFree86-DGA
[     7.810] (II) Initializing extension XFree86-DRI
[     7.810] (II) Initializing extension DRI2
[     8.586] (II) Server terminated successfully (0). Closing log file.
