[   152.869] 
X.Org X Server 1.21.1.12
X Protocol Version 11, Revision 0
[   152.874] Current Operating System: Linux amberos 6.6.60-Amberos-Version-1.4 #13 SMP Sat Jun  6 16:45:23 CEST 2026 x86_64
[   152.875] Kernel command line: console=tty0 console=ttyS0 root=/dev/sda rw vga=788
[   152.877]  
[   152.878] Current version of pixman: 0.42.2
[   152.881] 	Before reporting problems, check http://wiki.x.org
	to make sure that you have the latest version.
[   152.881] Markers: (--) probed, (**) from config file, (==) default setting,
	(++) from command line, (!!) notice, (II) informational,
	(WW) warning, (EE) error, (NI) not implemented, (??) unknown.
[   152.887] (==) Log file: "/var/log/Xorg.0.log", Time: Sat Jun  6 14:48:58 2026
[   152.889] (==) Using system config directory "/usr/share/X11/xorg.conf.d"
[   152.890] (==) No Layout section.  Using the first Screen section.
[   152.890] (==) No screen section available. Using defaults.
[   152.890] (**) |-->Screen "Default Screen Section" (0)
[   152.890] (**) |   |-->Monitor "<default monitor>"
[   152.893] (==) No monitor specified for screen "Default Screen Section".
	Using a default monitor configuration.
[   152.893] (**) Allowing byte-swapped clients
[   152.893] (==) Automatically adding devices
[   152.893] (==) Automatically enabling devices
[   152.894] (==) Automatically adding GPU devices
[   152.894] (==) Automatically binding GPU devices
[   152.894] (==) Max clients allowed: 256, resource mask: 0x1fffff
[   152.894] (WW) `fonts.dir' not found (or not valid) in "/usr/share/fonts/misc".
[   152.894] 	Entry deleted from font path.
[   152.894] 	(Run 'mkfontdir' on "/usr/share/fonts/misc").
[   152.894] (WW) `fonts.dir' not found (or not valid) in "/usr/share/fonts/100dpi".
[   152.894] 	Entry deleted from font path.
[   152.894] 	(Run 'mkfontdir' on "/usr/share/fonts/100dpi").
[   152.894] (WW) `fonts.dir' not found (or not valid) in "/usr/share/fonts/75dpi".
[   152.894] 	Entry deleted from font path.
[   152.894] 	(Run 'mkfontdir' on "/usr/share/fonts/75dpi").
[   152.895] (WW) The directory "/usr/share/fonts/TTF" does not exist.
[   152.895] 	Entry deleted from font path.
[   152.895] (WW) The directory "/usr/share/fonts/Type1" does not exist.
[   152.895] 	Entry deleted from font path.
[   152.895] (==) FontPath set to:
	
[   152.895] (==) ModulePath set to "/usr/lib/xorg/modules"
[   152.895] (II) The server relies on udev to provide the list of input devices.
	If no devices become available, reconfigure udev or disable AutoAddDevices.
[   152.895] (II) Module ABI versions:
[   152.895] 	X.Org ANSI C Emulation: 0.4
[   152.895] 	X.Org Video Driver: 25.2
[   152.895] 	X.Org XInput driver : 24.4
[   152.895] 	X.Org Server Extension : 10.0
[   152.908] (--) PCI:*(0@0:2:0) 1234:1111:1af4:1100 rev 2, Mem @ 0xfd000000/16777216, 0xfebf0000/4096, BIOS @ 0x????????/131072
[   152.908] (WW) Open ACPI failed (/var/run/acpid.socket) (No such file or directory)
[   152.909] (II) LoadModule: "glx"
[   152.911] (II) Loading /usr/lib/xorg/modules/extensions/libglx.so
[   152.925] (II) Module glx: vendor="X.Org Foundation"
[   152.926] 	compiled for 1.21.1.12, module version = 1.0.0
[   152.926] 	ABI class: X.Org Server Extension, version 10.0
[   152.926] (==) Matched modesetting as autoconfigured driver 0
[   152.926] (==) Matched fbdev as autoconfigured driver 1
[   152.926] (==) Matched vesa as autoconfigured driver 2
[   152.926] (==) Assigned the driver to the xf86ConfigLayout
[   152.926] (II) LoadModule: "modesetting"
[   152.928] (II) Loading /usr/lib/xorg/modules/drivers/modesetting_drv.so
[   152.932] (II) Module modesetting: vendor="X.Org Foundation"
[   152.932] 	compiled for 1.21.1.12, module version = 1.21.1
[   152.932] 	Module class: X.Org Video Driver
[   152.932] 	ABI class: X.Org Video Driver, version 25.2
[   152.932] (II) LoadModule: "fbdev"
[   152.933] (II) Loading /usr/lib/xorg/modules/drivers/fbdev_drv.so
[   152.934] (II) Module fbdev: vendor="X.Org Foundation"
[   152.935] 	compiled for 1.21.1.9, module version = 0.5.0
[   152.935] 	Module class: X.Org Video Driver
[   152.935] 	ABI class: X.Org Video Driver, version 25.2
[   152.935] (II) LoadModule: "vesa"
[   152.936] (II) Loading /usr/lib/xorg/modules/drivers/vesa_drv.so
[   152.937] (II) Module vesa: vendor="X.Org Foundation"
[   152.937] 	compiled for 1.21.1.9, module version = 2.6.0
[   152.937] 	Module class: X.Org Video Driver
[   152.937] 	ABI class: X.Org Video Driver, version 25.2
[   152.938] (II) modesetting: Driver for Modesetting Kernel Drivers: kms
[   152.938] (II) FBDEV: driver for framebuffer: fbdev
[   152.938] (II) VESA: driver for VESA chipsets: vesa
[   152.939] (--) using VT number 2

[   152.944] xf86EnableIO: failed to enable I/O ports 0000-03ff (Function not implemented)
[   152.944] (EE) open /dev/dri/card0: No such file or directory
[   152.944] (WW) Falling back to old probe method for modesetting
[   152.944] (EE) open /dev/dri/card0: No such file or directory
[   152.944] (II) Loading sub module "fbdevhw"
[   152.944] (II) LoadModule: "fbdevhw"
[   152.948] (II) Loading /usr/lib/xorg/modules/libfbdevhw.so
[   152.949] (II) Module fbdevhw: vendor="X.Org Foundation"
[   152.949] 	compiled for 1.21.1.12, module version = 0.0.2
[   152.949] 	ABI class: X.Org Video Driver, version 25.2
[   152.951] (EE) Unable to find a valid framebuffer device
[   152.951] (WW) Falling back to old probe method for fbdev
[   152.951] (II) Loading sub module "fbdevhw"
[   152.951] (II) LoadModule: "fbdevhw"
[   152.952] (II) Loading /usr/lib/xorg/modules/libfbdevhw.so
[   152.953] (II) Module fbdevhw: vendor="X.Org Foundation"
[   152.953] 	compiled for 1.21.1.12, module version = 0.0.2
[   152.953] 	ABI class: X.Org Video Driver, version 25.2
[   152.953] (II) FBDEV(2): using default device
[   152.954] vesa: Refusing to run, Framebuffer or dri device present
[   152.954] (EE) Screen 0 deleted because of no matching config section.
[   152.954] (II) UnloadModule: "modesetting"
[   152.954] (EE) Screen 0 deleted because of no matching config section.
[   152.954] (II) UnloadModule: "fbdev"
[   152.954] (II) UnloadSubModule: "fbdevhw"
[   152.955] (II) FBDEV(0): Creating default Display subsection in Screen section
	"Default Screen Section" for depth/fbbpp 16/16
[   152.955] (==) FBDEV(0): Depth 16, (==) framebuffer bpp 16
[   152.955] (==) FBDEV(0): RGB weight 565
[   152.955] (==) FBDEV(0): Default visual is TrueColor
[   152.955] (==) FBDEV(0): Using gamma correction (1.0, 1.0, 1.0)
[   152.955] (II) FBDEV(0): hardware: VESA VGA (video memory: 1875kB)
[   152.955] (DB) xf86MergeOutputClassOptions unsupported bus type 0
[   152.955] (II) FBDEV(0): checking modes against framebuffer device...
[   152.955] (II) FBDEV(0): checking modes against monitor...
[   152.955] (II) FBDEV(0): Virtual size is 800x600 (pitch 800)
[   152.955] (**) FBDEV(0):  Built-in mode "current": 48.0 MHz, 46.9 kHz, 75.1 Hz
[   152.955] (II) FBDEV(0): Modeline "current"x0.0   48.00  800 832 928 1024  600 604 608 624 -hsync -vsync -csync (46.9 kHz b)
[   152.955] (==) FBDEV(0): DPI set to (96, 96)
[   152.955] (II) Loading sub module "fb"
[   152.955] (II) LoadModule: "fb"
[   152.956] (II) Module "fb" already built-in
[   152.956] (**) FBDEV(0): using shadow framebuffer
[   152.956] (II) Loading sub module "shadow"
[   152.956] (II) LoadModule: "shadow"
[   152.957] (II) Loading /usr/lib/xorg/modules/libshadow.so
[   152.959] (II) Module shadow: vendor="X.Org Foundation"
[   152.959] 	compiled for 1.21.1.12, module version = 1.1.0
[   152.959] 	ABI class: X.Org ANSI C Emulation, version 0.4
[   152.960] (II) FBDEV(0): FBIOBLANK: Invalid argument (Screen blanking not supported by kernel - disabling)
[   152.961] (==) FBDEV(0): Backing store enabled
[   152.961] (==) FBDEV(0): DPMS enabled
[   152.962] (II) Initializing extension Generic Event Extension
[   152.964] (II) Initializing extension SHAPE
[   152.966] (II) Initializing extension MIT-SHM
[   152.968] (II) Initializing extension XInputExtension
[   152.971] (II) Initializing extension XTEST
[   152.973] (II) Initializing extension BIG-REQUESTS
[   152.975] (II) Initializing extension SYNC
[   152.977] (II) Initializing extension XKEYBOARD
[   152.979] (II) Initializing extension XC-MISC
[   152.981] (II) Initializing extension SECURITY
[   152.983] (II) Initializing extension XFIXES
[   152.984] (II) Initializing extension RENDER
[   152.986] (II) Initializing extension RANDR
[   152.989] (II) Initializing extension COMPOSITE
[   152.992] (II) Initializing extension DAMAGE
[   152.993] (II) Initializing extension MIT-SCREEN-SAVER
[   152.995] (II) Initializing extension DOUBLE-BUFFER
[   152.997] (II) Initializing extension RECORD
[   152.999] (II) Initializing extension DPMS
[   153.001] (II) Initializing extension Present
[   153.003] (II) Initializing extension DRI3
[   153.003] (II) Initializing extension X-Resource
[   153.005] (II) Initializing extension XVideo
[   153.007] (II) Initializing extension XVideo-MotionCompensation
[   153.007] (II) Initializing extension GLX
[   153.009] (II) AIGLX: Screen 0 is not DRI2 capable
[   153.009] (EE) AIGLX error: dlopen of /usr/lib/xorg/modules/dri/swrast_dri.so failed (Error loading shared library /usr/lib/xorg/modules/dri/swrast_dri.so: No such file or directory)
[   153.009] (EE) AIGLX error: unable to load driver swrast
[   153.009] (EE) GLX: could not load software renderer
[   153.009] (II) GLX: no usable GL providers found for screen 0
[   153.009] (II) Initializing extension XFree86-VidModeExtension
[   153.011] (II) Initializing extension XFree86-DGA
[   153.013] (II) Initializing extension XFree86-DRI
[   153.013] (II) Initializing extension DRI2
